// Jest Snapshot v1, https://goo.gl/fbAQLP

exports[`PageOverview Should render correctly 1`] = `
Array [
  <div
    className="movie-rating"
  >
    <div
      className="movie-rating__score"
    >
      8.1
    </div>
    <p
      className="movie-rating__meta"
    >
      <span
        className="movie-rating__level"
      >
        Very good
      </span>
      <span
        className="movie-rating__count"
      >
        800
         ratings
      </span>
    </p>
  </div>,
  <div
    className="movie-card__text"
  >
    <p>
      The story of the legendary British rock band Queen and lead singer Freddie Mercury, leading up to their famous performance at Live Aid (1985).
    </p>
    <p
      className="movie-card__director"
    >
      <strong>
        Director: 
        Bryan Singer
      </strong>
    </p>
    <p
      className="movie-card__starring"
    >
      <strong>
        Starring: 
        Rami Malek
        Lucy Boynton
        Gwilym Lee
      </strong>
    </p>
  </div>,
]
`;
